// Jest Snapshot v1, https://goo.gl/fbAQLP

exports[`Test courses Screen 1`] = `
<View
  style={
    Object {
      "alignItems": "stretch",
      "backgroundColor": "#fff",
      "flex": 1,
      "justifyContent": "center",
      "width": "100%",
    }
  }
>
  <View
    animated={true}
    animationConfig={
      Object {
        "bounciness": 0,
      }
    }
    animationType="spring"
    indeterminate={false}
    indeterminateAnimationDuration={1000}
    onLayout={[Function]}
    progress={0.3}
    style={
      Array [
        Object {
          "backgroundColor": undefined,
          "borderColor": "rgba(0, 122, 255, 1)",
          "borderRadius": 4,
          "borderWidth": 1,
          "overflow": "hidden",
          "width": 750,
        },
        undefined,
      ]
    }
    useNativeDriver={false}
  >
    <View
      style={
        Object {
          "backgroundColor": "rgba(0, 122, 255, 1)",
          "height": 6,
          "transform": Array [
            Object {
              "translateX": -2.842170943040401e-14,
            },
            Object {
              "translateX": -261.8,
            },
            Object {
              "scaleX": 0.30007,
            },
          ],
        }
      }
    />
  </View>
  <RCTScrollView
    data={Object {}}
    disableVirtualization={false}
    getItem={[Function]}
    getItemCount={[Function]}
    horizontal={false}
    initialNumToRender={10}
    keyExtractor={[Function]}
    maxToRenderPerBatch={10}
    numColumns={1}
    onContentSizeChange={[Function]}
    onEndReachedThreshold={2}
    onLayout={[Function]}
    onMomentumScrollEnd={[Function]}
    onScroll={[Function]}
    onScrollBeginDrag={[Function]}
    onScrollEndDrag={[Function]}
    removeClippedSubviews={false}
    renderItem={[Function]}
    scrollEnabled={true}
    scrollEventThrottle={50}
    showsVerticalScrollIndicator={false}
    stickyHeaderIndices={Array []}
    updateCellsBatchingPeriod={50}
    viewabilityConfigCallbackPairs={Array []}
    windowSize={21}
  >
    <View />
  </RCTScrollView>
</View>
`;
